Server successfully connected 8000
Server successfully connected 8000
Server successfully connected 8000
Server successfully connected 8000
Error in connect database
Server successfully connected 8000
Error in connect database MongoParseError: options usefindandmodify, usecreateindex are not supported
    at parseOptions (/home/devel-aabudeen/Documents/Back-up/TASK/node_modules/mongodb/lib/connection_string.js:278:15)
    at new MongoClient (/home/devel-aabudeen/Documents/Back-up/TASK/node_modules/mongodb/lib/mongo_client.js:52:61)
    at NativeConnection.createClient (/home/devel-aabudeen/Documents/Back-up/TASK/node_modules/mongoose/lib/drivers/node-mongodb-native/connection.js:328:14)
    at NativeConnection.openUri (/home/devel-aabudeen/Documents/Back-up/TASK/node_modules/mongoose/lib/connection.js:1071:34)
    at Mongoose.connect (/home/devel-aabudeen/Documents/Back-up/TASK/node_modules/mongoose/lib/mongoose.js:446:15)
    at Object.<anonymous> (/home/devel-aabudeen/Documents/Back-up/TASK/model/db.js:3:10)
    at Module._compile (node:internal/modules/cjs/loader:1356:14)
    at Module._extensions..js (node:internal/modules/cjs/loader:1414:10)
    at Module.load (node:internal/modules/cjs/loader:1197:32)
    at Module._load (node:internal/modules/cjs/loader:1013:12) {
  errorLabelSet: Set(0) {}
}
Server successfully connected 8000
Error in connect database MongoParseError: option usefindandmodify is not supported
    at parseOptions (/home/devel-aabudeen/Documents/Back-up/TASK/node_modules/mongodb/lib/connection_string.js:278:15)
    at new MongoClient (/home/devel-aabudeen/Documents/Back-up/TASK/node_modules/mongodb/lib/mongo_client.js:52:61)
    at NativeConnection.createClient (/home/devel-aabudeen/Documents/Back-up/TASK/node_modules/mongoose/lib/drivers/node-mongodb-native/connection.js:328:14)
    at NativeConnection.openUri (/home/devel-aabudeen/Documents/Back-up/TASK/node_modules/mongoose/lib/connection.js:1071:34)
    at Mongoose.connect (/home/devel-aabudeen/Documents/Back-up/TASK/node_modules/mongoose/lib/mongoose.js:446:15)
    at Object.<anonymous> (/home/devel-aabudeen/Documents/Back-up/TASK/model/db.js:3:10)
    at Module._compile (node:internal/modules/cjs/loader:1356:14)
    at Module._extensions..js (node:internal/modules/cjs/loader:1414:10)
    at Module.load (node:internal/modules/cjs/loader:1197:32)
    at Module._load (node:internal/modules/cjs/loader:1013:12) {
  errorLabelSet: Set(0) {}
}
Server successfully connected 8000
DB connected successfully
Server successfully connected 8000
DB connected successfully
Server successfully connected 8000
DB connected successfully
Server successfully connected 8000
DB connected successfully
Server successfully connected 8000
DB connected successfully
Server successfully connected 8000
DB connected successfully
Server successfully connected 8000
DB connected successfully
Server successfully connected 8000
DB connected successfully
Server successfully connected 8000
DB connected successfully
Server successfully connected 8000
DB connected successfully
Server successfully connected 8000
DB connected successfully
Server successfully connected 8000
DB connected successfully
Server successfully connected 8000
DB connected successfully
Server successfully connected 8000
DB connected successfully
Server successfully connected 8000
DB connected successfully
Server successfully connected 8000
DB connected successfully
Server successfully connected 8000
DB connected successfully
Server successfully connected 8000
DB connected successfully
Server successfully connected 8000
DB connected successfully
Server successfully connected 8000
DB connected successfully
Server successfully connected 8000
DB connected successfully
Server successfully connected 8000
DB connected successfully
Server successfully connected 8000
DB connected successfully
process.env.key:  dsgtyaisUdjhskHDGsyKDSkIajApSDJMsw
process.env.key:  dsgtyaisUdjhskHDGsyKDSkIajApSDJMsw
process.env.key:  dsgtyaisUdjhskHDGsyKDSkIajApSDJMsw
process.env.key:  dsgtyaisUdjhskHDGsyKDSkIajApSDJMsw
process.env.key:  dsgtyaisUdjhskHDGsyKDSkIajApSDJMsw
process.env.key:  dsgtyaisUdjhskHDGsyKDSkIajApSDJMsw
process.env.key:  dsgtyaisUdjhskHDGsyKDSkIajApSDJMsw
process.env.key:  dsgtyaisUdjhskHDGsyKDSkIajApSDJMsw
process.env.key:  dsgtyaisUdjhskHDGsyKDSkIajApSDJMsw
process.env.key:  dsgtyaisUdjhskHDGsyKDSkIajApSDJMsw
process.env.key:  dsgtyaisUdjhskHDGsyKDSkIajApSDJMsw
process.env.key:  dsgtyaisUdjhskHDGsyKDSkIajApSDJMsw
process.env.key:  dsgtyaisUdjhskHDGsyKDSkIajApSDJMsw
process.env.key:  dsgtyaisUdjhskHDGsyKDSkIajApSDJMsw
process.env.key:  dsgtyaisUdjhskHDGsyKDSkIajApSDJMsw
process.env.key:  dsgtyaisUdjhskHDGsyKDSkIajApSDJMsw
process.env.key:  dsgtyaisUdjhskHDGsyKDSkIajApSDJMsw
process.env.key:  dsgtyaisUdjhskHDGsyKDSkIajApSDJMsw
process.env.key:  dsgtyaisUdjhskHDGsyKDSkIajApSDJMsw
process.env.key:  dsgtyaisUdjhskHDGsyKDSkIajApSDJMsw
process.env.key:  dsgtyaisUdjhskHDGsyKDSkIajApSDJMsw
process.env.key:  dsgtyaisUdjhskHDGsyKDSkIajApSDJMsw
process.env.key:  dsgtyaisUdjhskHDGsyKDSkIajApSDJMsw
process.env.key:  dsgtyaisUdjhskHDGsyKDSkIajApSDJMsw
process.env.key:  dsgtyaisUdjhskHDGsyKDSkIajApSDJMsw
process.env.key:  dsgtyaisUdjhskHDGsyKDSkIajApSDJMsw
process.env.key:  dsgtyaisUdjhskHDGsyKDSkIajApSDJMsw
process.env.key:  dsgtyaisUdjhskHDGsyKDSkIajApSDJMsw
process.env.key:  dsgtyaisUdjhskHDGsyKDSkIajApSDJMsw
process.env.key:  dsgtyaisUdjhskHDGsyKDSkIajApSDJMsw
process.env.key:  dsgtyaisUdjhskHDGsyKDSkIajApSDJMsw
process.env.key:  dsgtyaisUdjhskHDGsyKDSkIajApSDJMsw
process.env.key:  dsgtyaisUdjhskHDGsyKDSkIajApSDJMsw
process.env.key:  dsgtyaisUdjhskHDGsyKDSkIajApSDJMsw
process.env.key:  dsgtyaisUdjhskHDGsyKDSkIajApSDJMsw
process.env.key:  dsgtyaisUdjhskHDGsyKDSkIajApSDJMsw
process.env.key:  dsgtyaisUdjhskHDGsyKDSkIajApSDJMsw
process.env.key:  dsgtyaisUdjhskHDGsyKDSkIajApSDJMsw
process.env.key:  dsgtyaisUdjhskHDGsyKDSkIajApSDJMsw
process.env.key:  dsgtyaisUdjhskHDGsyKDSkIajApSDJMsw
process.env.key:  dsgtyaisUdjhskHDGsyKDSkIajApSDJMsw
process.env.key:  dsgtyaisUdjhskHDGsyKDSkIajApSDJMsw
process.env.key:  dsgtyaisUdjhskHDGsyKDSkIajApSDJMsw
process.env.key:  dsgtyaisUdjhskHDGsyKDSkIajApSDJMsw
process.env.key:  dsgtyaisUdjhskHDGsyKDSkIajApSDJMsw
process.env.key:  dsgtyaisUdjhskHDGsyKDSkIajApSDJMsw
process.env.key:  dsgtyaisUdjhskHDGsyKDSkIajApSDJMsw
process.env.key:  dsgtyaisUdjhskHDGsyKDSkIajApSDJMsw
process.env.key:  dsgtyaisUdjhskHDGsyKDSkIajApSDJMsw
process.env.key:  dsgtyaisUdjhskHDGsyKDSkIajApSDJMsw
process.env.key:  dsgtyaisUdjhskHDGsyKDSkIajApSDJMsw
process.env.key:  dsgtyaisUdjhskHDGsyKDSkIajApSDJMsw
process.env.key:  dsgtyaisUdjhskHDGsyKDSkIajApSDJMsw
process.env.key:  dsgtyaisUdjhskHDGsyKDSkIajApSDJMsw
process.env.key:  dsgtyaisUdjhskHDGsyKDSkIajApSDJMsw
process.env.key:  dsgtyaisUdjhskHDGsyKDSkIajApSDJMsw
process.env.key:  dsgtyaisUdjhskHDGsyKDSkIajApSDJMsw
process.env.key:  dsgtyaisUdjhskHDGsyKDSkIajApSDJMsw
process.env.key:  dsgtyaisUdjhskHDGsyKDSkIajApSDJMsw
process.env.key:  dsgtyaisUdjhskHDGsyKDSkIajApSDJMsw
process.env.key:  dsgtyaisUdjhskHDGsyKDSkIajApSDJMsw
process.env.key:  dsgtyaisUdjhskHDGsyKDSkIajApSDJMsw
process.env.key:  dsgtyaisUdjhskHDGsyKDSkIajApSDJMsw
process.env.key:  dsgtyaisUdjhskHDGsyKDSkIajApSDJMsw
process.env.key:  dsgtyaisUdjhskHDGsyKDSkIajApSDJMsw
process.env.key:  dsgtyaisUdjhskHDGsyKDSkIajApSDJMsw
process.env.key:  dsgtyaisUdjhskHDGsyKDSkIajApSDJMsw
process.env.key:  dsgtyaisUdjhskHDGsyKDSkIajApSDJMsw
process.env.key:  dsgtyaisUdjhskHDGsyKDSkIajApSDJMsw
process.env.key:  dsgtyaisUdjhskHDGsyKDSkIajApSDJMsw
process.env.key:  dsgtyaisUdjhskHDGsyKDSkIajApSDJMsw
process.env.key:  dsgtyaisUdjhskHDGsyKDSkIajApSDJMsw
process.env.key:  dsgtyaisUdjhskHDGsyKDSkIajApSDJMsw
process.env.key:  dsgtyaisUdjhskHDGsyKDSkIajApSDJMsw
process.env.key:  dsgtyaisUdjhskHDGsyKDSkIajApSDJMsw
process.env.key:  dsgtyaisUdjhskHDGsyKDSkIajApSDJMsw
process.env.key:  dsgtyaisUdjhskHDGsyKDSkIajApSDJMsw
process.env.key:  dsgtyaisUdjhskHDGsyKDSkIajApSDJMsw
process.env.key:  dsgtyaisUdjhskHDGsyKDSkIajApSDJMsw
process.env.key:  dsgtyaisUdjhskHDGsyKDSkIajApSDJMsw
process.env.key:  dsgtyaisUdjhskHDGsyKDSkIajApSDJMsw
process.env.key:  dsgtyaisUdjhskHDGsyKDSkIajApSDJMsw
process.env.key:  dsgtyaisUdjhskHDGsyKDSkIajApSDJMsw
process.env.key:  dsgtyaisUdjhskHDGsyKDSkIajApSDJMsw
process.env.key:  dsgtyaisUdjhskHDGsyKDSkIajApSDJMsw
process.env.key:  dsgtyaisUdjhskHDGsyKDSkIajApSDJMsw
process.env.key:  dsgtyaisUdjhskHDGsyKDSkIajApSDJMsw
process.env.key:  dsgtyaisUdjhskHDGsyKDSkIajApSDJMsw
process.env.key:  dsgtyaisUdjhskHDGsyKDSkIajApSDJMsw
process.env.key:  dsgtyaisUdjhskHDGsyKDSkIajApSDJMsw
IV:  undefined
KEY:  dsgtyaisUdjhskHDGsyKDSkIajApSDJMsw
IV:  undefined
KEY:  dsgtyaisUdjhskHDGsyKDSkIajApSDJMsw
IV:  undefined
KEY:  dsgtyaisUdjhskHDGsyKDSkIajApSDJMsw
IV:  undefined
KEY:  dsgtyaisUdjhskHDGsyKDSkIajApSDJMsw
IV:  undefined
KEY:  dsgtyaisUdjhskHDGsyKDSkIajApSDJMsw
IV:  undefined
KEY:  dsgtyaisUdjhskHDGsyKDSkIajApSDJMsw
IV:  undefined
KEY:  dsgtyaisUdjhskHDGsyKDSkIajApSDJMsw
IV:  undefined
KEY:  dsgtyaisUdjhskHDGsyKDSkIajApSDJMsw
IV:  undefined
KEY:  dsgtyaisUdjhskHDGsyKDSkIajApSDJMsw
IV:  undefined
KEY:  dsgtyaisUdjhskHDGsyKDSkIajApSDJMsw
IV:  undefined
KEY:  dsgtyaisUdjhskHDGsyKDSkIajApSDJMsw
IV:  undefined
KEY:  dsgtyaisUdjhskHDGsyKDSkIajApSDJMsw
IV:  undefined
KEY:  dsgtyaisUdjhskHDGsyKDSkIajApSDJMsw
IV:  undefined
KEY:  dsgtyaisUdjhskHDGsyKDSkIajApSDJMsw
IV:  undefined
KEY:  dsgtyaisUdjhskHDGsyKDSkIajApSDJMsw
IV:  undefined
KEY:  dsgtyaisUdjhskHDGsyKDSkIajApSDJMsw
IV:  undefined
KEY:  dsgtyaisUdjhskHDGsyKDSkIajApSDJMsw
IV:  undefined
KEY:  dsgtyaisUdjhskHDGsyKDSkIajApSDJMsw
IV:  undefined
KEY:  dsgtyaisUdjhskHDGsyKDSkIajApSDJMsw
IV:  undefined
KEY:  dsgtyaisUdjhskHDGsyKDSkIajApSDJMsw
IV:  undefined
KEY:  dsgtyaisUdjhskHDGsyKDSkIajApSDJMsw
IV:  undefined
KEY:  dsgtyaisUdjhskHDGsyKDSkIajApSDJMsw
IV:  undefined
KEY:  dsgtyaisUdjhskHDGsyKDSkIajApSDJMsw
IV:  undefined
KEY:  dsgtyaisUdjhskHDGsyKDSkIajApSDJMsw
IV:  undefined
KEY:  dsgtyaisUdjhskHDGsyKDSkIajApSDJMsw
IV:  undefined
KEY:  dsgtyaisUdjhskHDGsyKDSkIajApSDJMsw
IV:  undefined
KEY:  dsgtyaisUdjhskHDGsyKDSkIajApSDJMsw
Server successfully connected 8000
DB connected successfully
Server successfully connected 8000
DB connected successfully
Server successfully connected 8000
DB connected successfully
Server successfully connected 8000
DB connected successfully
Server successfully connected 8000
DB connected successfully
Server successfully connected 8000
DB connected successfully
e:  TypeError: validator is not a constructor
    at register (/home/devel-aabudeen/Documents/Back-up/TASK/controller/user.js:6:19)
    at Layer.handle [as handle_request] (/home/devel-aabudeen/Documents/Back-up/TASK/node_modules/express/lib/router/layer.js:95:5)
    at next (/home/devel-aabudeen/Documents/Back-up/TASK/node_modules/express/lib/router/route.js:149:13)
    at Route.dispatch (/home/devel-aabudeen/Documents/Back-up/TASK/node_modules/express/lib/router/route.js:119:3)
    at Layer.handle [as handle_request] (/home/devel-aabudeen/Documents/Back-up/TASK/node_modules/express/lib/router/layer.js:95:5)
    at /home/devel-aabudeen/Documents/Back-up/TASK/node_modules/express/lib/router/index.js:284:15
    at Function.process_params (/home/devel-aabudeen/Documents/Back-up/TASK/node_modules/express/lib/router/index.js:346:12)
    at next (/home/devel-aabudeen/Documents/Back-up/TASK/node_modules/express/lib/router/index.js:280:10)
    at Function.handle (/home/devel-aabudeen/Documents/Back-up/TASK/node_modules/express/lib/router/index.js:175:3)
    at router (/home/devel-aabudeen/Documents/Back-up/TASK/node_modules/express/lib/router/index.js:47:12)
Server successfully connected 8000
DB connected successfully
Server successfully connected 8000
DB connected successfully
Server successfully connected 8000
DB connected successfully
Server successfully connected 8000
DB connected successfully
insert_obj:  {
  name: 'AABUDEEN',
  first_email: 'U2FsdGVkX1/5iymtL822yTuEK3n/RYQlqD+hTG/T97I=',
  secound_email: 'U2FsdGVkX1/S4mCSWipbvnhmoprkUQfD1SL89HymaCg=',
  password: undefined
}
Server successfully connected 8000
DB connected successfully
insert_obj:  {
  name: 'AABUDEEN',
  first_email: 'U2FsdGVkX1+wKITDsIVGaQAF3mcS4mRNNtYQqA+aRPE=',
  secound_email: 'U2FsdGVkX184Ybv5bfcKiDZ4qIl/9KTM/9Dz/uXRQ5M=',
  password: undefined
}
hash:  undefined
err:  [Error: Invalid salt. Salt must be in the form of: $Vers$log2(NumRounds)$saltvalue]
Server successfully connected 8000
DB connected successfully
insert_obj:  {
  name: 'AABUDEEN',
  first_email: 'U2FsdGVkX18+vgvlnKQ/qKWHncKrUtg7dLCTLTcMQJk=',
  secound_email: 'U2FsdGVkX1+Lf1UNtdb2PG2VCEa466L+PKYT3DLAYH0=',
  password: undefined
}
hash:  undefined
err:  [Error: Invalid salt. Salt must be in the form of: $Vers$log2(NumRounds)$saltvalue]
Server successfully connected 8000
DB connected successfully
insert_obj:  {
  name: 'AABUDEEN',
  first_email: 'U2FsdGVkX19lbKlRH8hKLg3RAB982cjnCBgZaqCmblE=',
  secound_email: 'U2FsdGVkX19hALoe8Q6zzzWDRdJ4eNlKBLAUaXY+WWU=',
  password: undefined
}
hash:  undefined
err:  [Error: Invalid salt. Salt must be in the form of: $Vers$log2(NumRounds)$saltvalue]
Server successfully connected 8000
DB connected successfully
Server successfully connected 8000
DB connected successfully
Server successfully connected 8000
DB connected successfully
salt:  $2b$10$MDCbVFFxMNAv3sDKawEYt.
Server successfully connected 8000
DB connected successfully
Server successfully connected 8000
DB connected successfully
insert_obj:  {
  name: 'AABUDEEN',
  first_email: 'U2FsdGVkX19qj6j77GQ+RVyzwkRvy7fkNJG8jBStwgA=',
  secound_email: 'U2FsdGVkX1+XyNFcUXI/+9hJwBViWwYt9w4YIYeJbHo=',
  password: undefined
}
hash:  undefined
err:  [Error: Invalid salt. Salt must be in the form of: $Vers$log2(NumRounds)$saltvalue]
Server successfully connected 8000
DB connected successfully
Server successfully connected 8000
DB connected successfully
process.env.salt:  usieldyui48azjuxcmu
insert_obj:  {
  name: 'AABUDEEN',
  first_email: 'U2FsdGVkX1/qhmhIL/7MGzy/1cyk3hPkGyxTu9N2sGE=',
  secound_email: 'U2FsdGVkX1/Iv1s3P7rmDwSmb+uJcbW3LG2V9VKN81I=',
  password: undefined
}
hash:  undefined
err:  [Error: Invalid salt. Salt must be in the form of: $Vers$log2(NumRounds)$saltvalue]
Server successfully connected 8000
DB connected successfully
process.env.salt:  usieldyui48azjuxcmu
insert_obj:  {
  name: 'AABUDEEN',
  first_email: 'U2FsdGVkX1/z4+zuBWwrqiD4zRSWu2/2G015YiPP2hY=',
  secound_email: 'U2FsdGVkX1/mxWlFwZcocarel78UVDOrvGY3OAJ7fnM=',
  password: undefined
}
hash:  undefined
err:  [Error: Invalid salt. Salt must be in the form of: $Vers$log2(NumRounds)$saltvalue]
Server successfully connected 8000
DB connected successfully
process.env.salt:  usieldyui48azjuxcmu
KEY:  dsgtyaisUdjhskHDGsyKDSkIajApSDJMsw
IV:  undefined
insert_obj:  {
  name: 'AABUDEEN',
  first_email: 'U2FsdGVkX1+EJcMP6zKKQYU1bRxnmFTIZgV16TRXaJA=',
  secound_email: 'U2FsdGVkX18Ozmku02se8RLaV7RC8MFYKA2Wr8VD/MQ=',
  password: undefined
}
hash:  undefined
err:  [Error: Invalid salt. Salt must be in the form of: $Vers$log2(NumRounds)$saltvalue]
Server successfully connected 8000
DB connected successfully
Server successfully connected 8000
DB connected successfully
process.env.salt:  usieldyui48azjuxcmu
KEY:  dsgtyaisUdjhskHDGsyKDSkIajApSDJMsw
IV:  hSUAKAOPSDuID
insert_obj:  {
  name: 'AABUDEEN',
  first_email: 'U2FsdGVkX1+2f7QRAqqHubra0jCi2XFRZrG7BEZt1vE=',
  secound_email: 'U2FsdGVkX19H6pG0D5q23qK6mC1bnq6DGCrIUtDPZPc=',
  password: undefined
}
hash:  undefined
err:  [Error: Invalid salt. Salt must be in the form of: $Vers$log2(NumRounds)$saltvalue]
Server successfully connected 8000
DB connected successfully
process.env.salt:  $2b$10$MDCbVFFxMNAv3sDKawEYt.
KEY:  dsgtyaisUdjhskHDGsyKDSkIajApSDJMsw
IV:  hSUAKAOPSDuID
insert_obj:  {
  name: 'AABUDEEN',
  first_email: 'U2FsdGVkX1/fENc6J7XcGmcVyAP3WIGfb7npcib6+RI=',
  secound_email: 'U2FsdGVkX18pG7EGgPrGApwv4a+B98b3+ZCZ86od/5I=',
  password: undefined
}
hash:  $2b$10$MDCbVFFxMNAv3sDKawEYt.lR3O62v7PBc1LRwCZLuti7HeGTxN0na
err:  undefined
Server successfully connected 8000
DB connected successfully
process.env.salt:  $2b$10$MDCbVFFxMNAv3sDKawEYt.
KEY:  dsgtyaisUdjhskHDGsyKDSkIajApSDJMsw
IV:  hSUAKAOPSDuID
hash:  $2b$10$MDCbVFFxMNAv3sDKawEYt.lR3O62v7PBc1LRwCZLuti7HeGTxN0na
err:  undefined
Server successfully connected 8000
DB connected successfully
process.env.salt:  $2b$10$MDCbVFFxMNAv3sDKawEYt.
KEY:  dsgtyaisUdjhskHDGsyKDSkIajApSDJMsw
IV:  hSUAKAOPSDuID
hash:  $2b$10$MDCbVFFxMNAv3sDKawEYt.lR3O62v7PBc1LRwCZLuti7HeGTxN0na
err:  undefined
Server successfully connected 8000
DB connected successfully
process.env.salt:  $2b$10$MDCbVFFxMNAv3sDKawEYt.
KEY:  dsgtyaisUdjhskHDGsyKDSkIajApSDJMsw
IV:  hSUAKAOPSDuID
err:  Error: USER validation failed: name: Cast to Number failed for value "AABUDEEN" (type string) at path "name"
    at ValidationError.inspect (/home/devel-aabudeen/Documents/Back-up/TASK/node_modules/mongoose/lib/error/validation.js:52:26)
    at formatValue (node:internal/util/inspect:805:19)
    at inspect (node:internal/util/inspect:364:10)
    at formatWithOptionsInternal (node:internal/util/inspect:2279:40)
    at formatWithOptions (node:internal/util/inspect:2141:10)
    at console.value (node:internal/console/constructor:343:14)
    at console.log (node:internal/console/constructor:380:61)
    at /home/devel-aabudeen/Documents/Back-up/TASK/controller/user.js:50:33
    at process.processTicksAndRejections (node:internal/process/task_queues:95:5) {
  errors: {
    name: CastError: Cast to Number failed for value "AABUDEEN" (type string) at path "name"
        at SchemaNumber.cast (/home/devel-aabudeen/Documents/Back-up/TASK/node_modules/mongoose/lib/schema/number.js:381:11)
        at SchemaType.applySetters (/home/devel-aabudeen/Documents/Back-up/TASK/node_modules/mongoose/lib/schemaType.js:1255:12)
        at model.$set (/home/devel-aabudeen/Documents/Back-up/TASK/node_modules/mongoose/lib/document.js:1438:22)
        at model.$set (/home/devel-aabudeen/Documents/Back-up/TASK/node_modules/mongoose/lib/document.js:1132:16)
        at model.Document (/home/devel-aabudeen/Documents/Back-up/TASK/node_modules/mongoose/lib/document.js:178:12)
        at model.Model (/home/devel-aabudeen/Documents/Back-up/TASK/node_modules/mongoose/lib/model.js:128:12)
        at new model (/home/devel-aabudeen/Documents/Back-up/TASK/node_modules/mongoose/lib/model.js:4800:15)
        at /home/devel-aabudeen/Documents/Back-up/TASK/node_modules/mongoose/lib/model.js:2759:20
        at Array.map (<anonymous>)
        at Function.create (/home/devel-aabudeen/Documents/Back-up/TASK/node_modules/mongoose/lib/model.js:2747:34) {
      stringValue: '"AABUDEEN"',
      messageFormat: undefined,
      kind: 'Number',
      value: 'AABUDEEN',
      path: 'name',
      reason: AssertionError [ERR_ASSERTION]: The expression evaluated to a falsy value:
      
        assert.ok(!isNaN(val))
      
          at castNumber (/home/devel-aabudeen/Documents/Back-up/TASK/node_modules/mongoose/lib/cast/number.js:27:10)
          at SchemaNumber.cast (/home/devel-aabudeen/Documents/Back-up/TASK/node_modules/mongoose/lib/schema/number.js:379:12)
          at SchemaType.applySetters (/home/devel-aabudeen/Documents/Back-up/TASK/node_modules/mongoose/lib/schemaType.js:1255:12)
          at model.$set (/home/devel-aabudeen/Documents/Back-up/TASK/node_modules/mongoose/lib/document.js:1438:22)
          at model.$set (/home/devel-aabudeen/Documents/Back-up/TASK/node_modules/mongoose/lib/document.js:1132:16)
          at model.Document (/home/devel-aabudeen/Documents/Back-up/TASK/node_modules/mongoose/lib/document.js:178:12)
          at model.Model (/home/devel-aabudeen/Documents/Back-up/TASK/node_modules/mongoose/lib/model.js:128:12)
          at new model (/home/devel-aabudeen/Documents/Back-up/TASK/node_modules/mongoose/lib/model.js:4800:15)
          at /home/devel-aabudeen/Documents/Back-up/TASK/node_modules/mongoose/lib/model.js:2759:20
          at Array.map (<anonymous>) {
        generatedMessage: true,
        code: 'ERR_ASSERTION',
        actual: false,
        expected: true,
        operator: '=='
      },
      valueType: 'string'
    }
  },
  _message: 'USER validation failed'
}
hash:  $2b$10$MDCbVFFxMNAv3sDKawEYt.lR3O62v7PBc1LRwCZLuti7HeGTxN0na
err:  undefined
Server successfully connected 8000
DB connected successfully
process.env.salt:  $2b$10$MDCbVFFxMNAv3sDKawEYt.
KEY:  dsgtyaisUdjhskHDGsyKDSkIajApSDJMsw
IV:  hSUAKAOPSDuID
hash:  $2b$10$MDCbVFFxMNAv3sDKawEYt.lR3O62v7PBc1LRwCZLuti7HeGTxN0na
err:  undefined
Server successfully connected 8000
DB connected successfully
process.env.salt:  $2b$10$MDCbVFFxMNAv3sDKawEYt.
KEY:  dsgtyaisUdjhskHDGsyKDSkIajApSDJMsw
IV:  hSUAKAOPSDuID
hash:  $2b$10$MDCbVFFxMNAv3sDKawEYt.lR3O62v7PBc1LRwCZLuti7HeGTxN0na
err:  undefined
Server successfully connected 8000
DB connected successfully
Server successfully connected 8000
DB connected successfully
process.env.salt:  $2b$10$MDCbVFFxMNAv3sDKawEYt.
KEY:  dsgtyaisUdjhskHDGsyKDSkIajApSDJMsw
IV:  hSUAKAOPSDuID
insert_obj:  {
  name: 'AABUDEEN',
  first_email: 'U2FsdGVkX187sEISdPrnzlL7L025CQE5DyHJSg+2Tns=',
  secound_email: 'U2FsdGVkX1+jfQKOKUxWKhQvJuZWrfefpVVe9o3086k=',
  password: undefined
}
err:  MongoServerError: E11000 duplicate key error collection: CRYPTO-TASK.CT_USER index: user_id_1 dup key: { user_id: null }
    at InsertOneOperation.execute (/home/devel-aabudeen/Documents/Back-up/TASK/node_modules/mongodb/lib/operations/insert.js:51:19)
    at process.processTicksAndRejections (node:internal/process/task_queues:95:5)
    at async tryOperation (/home/devel-aabudeen/Documents/Back-up/TASK/node_modules/mongodb/lib/operations/execute_operation.js:207:20)
    at async executeOperation (/home/devel-aabudeen/Documents/Back-up/TASK/node_modules/mongodb/lib/operations/execute_operation.js:75:16)
    at async Collection.insertOne (/home/devel-aabudeen/Documents/Back-up/TASK/node_modules/mongodb/lib/collection.js:157:16) {
  errorLabelSet: Set(0) {},
  errorResponse: {
    index: 0,
    code: 11000,
    errmsg: 'E11000 duplicate key error collection: CRYPTO-TASK.CT_USER index: user_id_1 dup key: { user_id: null }',
    keyPattern: { user_id: 1 },
    keyValue: { user_id: null }
  },
  index: 0,
  code: 11000,
  keyPattern: { user_id: 1 },
  keyValue: { user_id: null }
}
hash:  $2b$10$MDCbVFFxMNAv3sDKawEYt.lR3O62v7PBc1LRwCZLuti7HeGTxN0na
err:  undefined
Server successfully connected 8000
DB connected successfully
Server successfully connected 8000
DB connected successfully
err:  MongoServerError: E11000 duplicate key error collection: CRYPTO-TASK.CT_USER index: user_id_1 dup key: { user_id: null }
    at InsertOneOperation.execute (/home/devel-aabudeen/Documents/Back-up/TASK/node_modules/mongodb/lib/operations/insert.js:51:19)
    at process.processTicksAndRejections (node:internal/process/task_queues:95:5)
    at async tryOperation (/home/devel-aabudeen/Documents/Back-up/TASK/node_modules/mongodb/lib/operations/execute_operation.js:207:20)
    at async executeOperation (/home/devel-aabudeen/Documents/Back-up/TASK/node_modules/mongodb/lib/operations/execute_operation.js:75:16)
    at async Collection.insertOne (/home/devel-aabudeen/Documents/Back-up/TASK/node_modules/mongodb/lib/collection.js:157:16) {
  errorLabelSet: Set(0) {},
  errorResponse: {
    index: 0,
    code: 11000,
    errmsg: 'E11000 duplicate key error collection: CRYPTO-TASK.CT_USER index: user_id_1 dup key: { user_id: null }',
    keyPattern: { user_id: 1 },
    keyValue: { user_id: null }
  },
  index: 0,
  code: 11000,
  keyPattern: { user_id: 1 },
  keyValue: { user_id: null }
}
Server successfully connected 8000
DB connected successfully
insert_obj:  {
  name: 'AABUDEEN',
  first_email: 'U2FsdGVkX19qi3+0ytabEFTlPyROpyhM8fSTmwMR1cM=',
  secound_email: 'U2FsdGVkX18og+jqVb5bohNnWNs4HbNpAxtkBC4kvc8=',
  password: undefined
}
err:  MongoServerError: E11000 duplicate key error collection: CRYPTO-TASK.CT_USER index: user_id_1 dup key: { user_id: null }
    at InsertOneOperation.execute (/home/devel-aabudeen/Documents/Back-up/TASK/node_modules/mongodb/lib/operations/insert.js:51:19)
    at process.processTicksAndRejections (node:internal/process/task_queues:95:5)
    at async tryOperation (/home/devel-aabudeen/Documents/Back-up/TASK/node_modules/mongodb/lib/operations/execute_operation.js:207:20)
    at async executeOperation (/home/devel-aabudeen/Documents/Back-up/TASK/node_modules/mongodb/lib/operations/execute_operation.js:75:16)
    at async Collection.insertOne (/home/devel-aabudeen/Documents/Back-up/TASK/node_modules/mongodb/lib/collection.js:157:16) {
  errorLabelSet: Set(0) {},
  errorResponse: {
    index: 0,
    code: 11000,
    errmsg: 'E11000 duplicate key error collection: CRYPTO-TASK.CT_USER index: user_id_1 dup key: { user_id: null }',
    keyPattern: { user_id: 1 },
    keyValue: { user_id: null }
  },
  index: 0,
  code: 11000,
  keyPattern: { user_id: 1 },
  keyValue: { user_id: null }
}
Server successfully connected 8000
DB connected successfully
insert_val:  {
  name: 'AABUDEEN',
  first_email: 'U2FsdGVkX19OOAiaXe7wRLHKTDyHAWeKTcKcqvIEWbA=',
  secound_email: 'U2FsdGVkX1+vHrT36SUV1bvwf2WAZtiErj/xT5nrRtE=',
  password: undefined
}
Server successfully connected 8000
DB connected successfully
insert_val:  {
  name: 'AABUDEEN',
  first_email: 'U2FsdGVkX18ESU/hp8GSlfkyfTU/7PJqq+HcpPc0aOE=',
  secound_email: 'U2FsdGVkX1+CXpKWl/CCC+u2u3iaRRSpueCsqxGw690=',
  password: undefined
}
Server successfully connected 8000
DB connected successfully
insert_val:  {
  name: 'AABUDEEN',
  first_email: 'U2FsdGVkX18bZppA7s+OOZuC7I5hK3ECPjyI60GIgD4=',
  secound_email: 'U2FsdGVkX195sFQXgZhJmJSRVbaZ7e70jy+csjKA6qc=',
  password: undefined
}
Server successfully connected 8000
DB connected successfully
insert_val:  {
  name: 'AABUDEEN',
  first_email: 'U2FsdGVkX1+RXt3dCDc98hLQGBOwPXAXp5K1r9fX/cA=',
  secound_email: 'U2FsdGVkX1+sYmNUJ3tFtdpKg8+xmY4mBY6bdhZX0Ww=',
  password: undefined
}
hash:  $2b$10$MDCbVFFxMNAv3sDKawEYt.lR3O62v7PBc1LRwCZLuti7HeGTxN0na
Server successfully connected 8000
DB connected successfully
Server successfully connected 8000
DB connected successfully
hash:  $2b$10$MDCbVFFxMNAv3sDKawEYt.lR3O62v7PBc1LRwCZLuti7HeGTxN0na
Server successfully connected 8000
DB connected successfully
err:  ReferenceError: insert_val is not defined
    at /home/devel-aabudeen/Documents/Back-up/TASK/controller/user.js:48:53
    at process.processTicksAndRejections (node:internal/process/task_queues:95:5)
    at async /home/devel-aabudeen/Documents/Back-up/TASK/controller/user.js:41:21
hash:  $2b$10$MDCbVFFxMNAv3sDKawEYt.lR3O62v7PBc1LRwCZLuti7HeGTxN0na
Server successfully connected 8000
DB connected successfully
insert_val:  {
  name: 'AABUDEEN',
  first_email: 'U2FsdGVkX1916G0QomJlovb4LzYmYQcYC7rcbA5AoeU=',
  secound_email: 'U2FsdGVkX18SsILE4PVZRQ1TL7CiHf5iEq6GjRkQATA=',
  password: undefined
}
hash:  $2b$10$MDCbVFFxMNAv3sDKawEYt.lR3O62v7PBc1LRwCZLuti7HeGTxN0na
Server successfully connected 8000
DB connected successfully
password_res:  undefined
insert_val:  {
  name: 'AABUDEEN',
  first_email: 'U2FsdGVkX18IRNYuQjOBKJ3+AAGLv2uez1BFAIc65hs=',
  secound_email: 'U2FsdGVkX18XEEGZU0JlXJGChMTAB9wekp/yofeBGAU=',
  password: undefined
}
hash:  $2b$10$MDCbVFFxMNAv3sDKawEYt.lR3O62v7PBc1LRwCZLuti7HeGTxN0na
Server successfully connected 8000
DB connected successfully
password_res:  undefined
insert_val:  {
  name: 'AABUDEEN',
  first_email: 'U2FsdGVkX1/Bjz4/DN80anIpp7h9E3l9m7/Hr7tjf1k=',
  secound_email: 'U2FsdGVkX183uWAV3xexAeFJd2IN1yw8DxcudyOhPW4=',
  password: undefined
}
Server successfully connected 8000
DB connected successfully
password_res:  undefined
insert_val:  {
  name: 'AABUDEEN',
  first_email: 'U2FsdGVkX19H2e7vkN8NREudb6/ZL7t0L8UeR8GwevE=',
  secound_email: 'U2FsdGVkX1+ykBX6Pjr5mKYdXhsEXzW1dHGT2Y6J4Qg=',
  password: undefined
}
Server successfully connected 8000
DB connected successfully
password_res:  undefined
insert_val:  {
  name: 'AABUDEEN',
  first_email: 'U2FsdGVkX1/3eKXKaKGtsmbgEa0hT4hCgfzsVvYjAJM=',
  secound_email: 'U2FsdGVkX19vqMIderjU0ro63NTXv0dCcno9eh9HKjY=',
  password: undefined
}
hash:  $2b$10$MDCbVFFxMNAv3sDKawEYt.lR3O62v7PBc1LRwCZLuti7HeGTxN0na
Server successfully connected 8000
DB connected successfully
hash:  $2b$10$MDCbVFFxMNAv3sDKawEYt.lR3O62v7PBc1LRwCZLuti7HeGTxN0na
hash:  $2b$10$MDCbVFFxMNAv3sDKawEYt.lR3O62v7PBc1LRwCZLuti7HeGTxN0na
Server successfully connected 8000
DB connected successfully
Server successfully connected 8000
DB connected successfully
Server successfully connected 8000
DB connected successfully
Server successfully connected 8000
DB connected successfully
hashedPassword:  $2b$10$OqqWdS/HKoje3sAwAm60Tu50xc6roBWVKtE0987nUGzh3QOmN4.TK
newUser:  {
  name: 'AABUDEEN',
  first_email: 'U2FsdGVkX19A2EymLFYzrGqz1ADSenxQCHvxEZvFR04=',
  secound_email: 'U2FsdGVkX1+DjtnRujHmHMYSjVvzZ3AfCWw/oqmsN9k=',
  password: '$2b$10$OqqWdS/HKoje3sAwAm60Tu50xc6roBWVKtE0987nUGzh3QOmN4.TK'
}
Server successfully connected 8000
DB connected successfully
hashedPassword:  $2b$10$ILWyp61ZaJssXrbw5OP07OLrlrpQweKz2b5PrlxaH2faZtn7LeAJC
newUser:  {
  name: 'AABUDEEN',
  first_email: 'dUEy1ECz766o0dmIX6RChQ==',
  secound_email: 'S/vlP/DRwl8p2u8yBCfxJQ==',
  password: '$2b$10$ILWyp61ZaJssXrbw5OP07OLrlrpQweKz2b5PrlxaH2faZtn7LeAJC'
}
Server successfully connected 8000
DB connected successfully
hashedPassword:  $2b$10$gXVwOpyW7aOB/xaaJJ4Ahe3FA7.KDQdweQ/14GZrsAnRTTy8hgDY.
Server successfully connected 8000
DB connected successfully
Server successfully connected 8000
DB connected successfully
Server successfully connected 8000
DB connected successfully
Server successfully connected 8000
DB connected successfully
Server successfully connected 8000
DB connected successfully
Server successfully connected 8000
DB connected successfully
Server successfully connected 8000
DB connected successfully
Server successfully connected 8000
DB connected successfully
Server successfully connected 8000
DB connected successfully
Server successfully connected 8000
DB connected successfully
Server successfully connected 8000
DB connected successfully
Server successfully connected 8000
DB connected successfully
Server successfully connected 8000
DB connected successfully
Server successfully connected 8000
DB connected successfully
Server successfully connected 8000
DB connected successfully
Server successfully connected 8000
DB connected successfully
Server successfully connected 8000
DB connected successfully
Server successfully connected 8000
DB connected successfully
Server successfully connected 8000
DB connected successfully
Server successfully connected 8000
DB connected successfully
Server successfully connected 8000
DB connected successfully
Server successfully connected 8000
DB connected successfully
Server successfully connected 8000
DB connected successfully
Server successfully connected 8000
DB connected successfully
Server successfully connected 8000
DB connected successfully
req.user:  {
  data: 'h8/J3DhMO09PgjH3ayia1C8+YahJanA1wbWPhD6nARtuXi6YBdyYBwU3x2If9UZAJMdmJf/MLyJhliIXG09sNYvZJizFSPmrf7wT0bpZ4vY=',
  iat: 1741598712,
  exp: 1741605912
}
Server successfully connected 8000
DB connected successfully
Server successfully connected 8000
DB connected successfully
error:  TypeError: Assignment to constant variable.
    at authMiddleware (/home/devel-aabudeen/Documents/Back-up/TASK/helper/common.js:21:16)
    at Layer.handle [as handle_request] (/home/devel-aabudeen/Documents/Back-up/TASK/node_modules/express/lib/router/layer.js:95:5)
    at next (/home/devel-aabudeen/Documents/Back-up/TASK/node_modules/express/lib/router/route.js:149:13)
    at Route.dispatch (/home/devel-aabudeen/Documents/Back-up/TASK/node_modules/express/lib/router/route.js:119:3)
    at Layer.handle [as handle_request] (/home/devel-aabudeen/Documents/Back-up/TASK/node_modules/express/lib/router/layer.js:95:5)
    at /home/devel-aabudeen/Documents/Back-up/TASK/node_modules/express/lib/router/index.js:284:15
    at Function.process_params (/home/devel-aabudeen/Documents/Back-up/TASK/node_modules/express/lib/router/index.js:346:12)
    at next (/home/devel-aabudeen/Documents/Back-up/TASK/node_modules/express/lib/router/index.js:280:10)
    at Function.handle (/home/devel-aabudeen/Documents/Back-up/TASK/node_modules/express/lib/router/index.js:175:3)
    at router (/home/devel-aabudeen/Documents/Back-up/TASK/node_modules/express/lib/router/index.js:47:12)
Server successfully connected 8000
DB connected successfully
Server successfully connected 8000
DB connected successfully
decoded:  
Server successfully connected 8000
DB connected successfully
decoded:  
Server successfully connected 8000
DB connected successfully
decoded:  {
  data: 'h8/J3DhMO09PgjH3ayia1C8+YahJanA1wbWPhD6nARtuXi6YBdyYBwU3x2If9UZAJMdmJf/MLyJhliIXG09sNYvZJizFSPmrf7wT0bpZ4vY=',
  iat: 1741598712,
  exp: 1741605912
}
decoded:  
Server successfully connected 8000
DB connected successfully
decoded:  h8/J3DhMO09PgjH3ayia1C8+YahJanA1wbWPhD6nARtuXi6YBdyYBwU3x2If9UZAJMdmJf/MLyJhliIXG09sNYvZJizFSPmrf7wT0bpZ4vY=
decoded:  
Server successfully connected 8000
DB connected successfully
error:  SyntaxError: Unexpected token h in JSON at position 0
    at JSON.parse (<anonymous>)
    at authMiddleware (/home/devel-aabudeen/Documents/Back-up/TASK/helper/common.js:21:39)
    at Layer.handle [as handle_request] (/home/devel-aabudeen/Documents/Back-up/TASK/node_modules/express/lib/router/layer.js:95:5)
    at next (/home/devel-aabudeen/Documents/Back-up/TASK/node_modules/express/lib/router/route.js:149:13)
    at Route.dispatch (/home/devel-aabudeen/Documents/Back-up/TASK/node_modules/express/lib/router/route.js:119:3)
    at Layer.handle [as handle_request] (/home/devel-aabudeen/Documents/Back-up/TASK/node_modules/express/lib/router/layer.js:95:5)
    at /home/devel-aabudeen/Documents/Back-up/TASK/node_modules/express/lib/router/index.js:284:15
    at Function.process_params (/home/devel-aabudeen/Documents/Back-up/TASK/node_modules/express/lib/router/index.js:346:12)
    at next (/home/devel-aabudeen/Documents/Back-up/TASK/node_modules/express/lib/router/index.js:280:10)
    at Function.handle (/home/devel-aabudeen/Documents/Back-up/TASK/node_modules/express/lib/router/index.js:175:3)
Server successfully connected 8000
DB connected successfully
error:  SyntaxError: Unexpected token o in JSON at position 1
    at JSON.parse (<anonymous>)
    at authMiddleware (/home/devel-aabudeen/Documents/Back-up/TASK/helper/common.js:21:39)
    at Layer.handle [as handle_request] (/home/devel-aabudeen/Documents/Back-up/TASK/node_modules/express/lib/router/layer.js:95:5)
    at next (/home/devel-aabudeen/Documents/Back-up/TASK/node_modules/express/lib/router/route.js:149:13)
    at Route.dispatch (/home/devel-aabudeen/Documents/Back-up/TASK/node_modules/express/lib/router/route.js:119:3)
    at Layer.handle [as handle_request] (/home/devel-aabudeen/Documents/Back-up/TASK/node_modules/express/lib/router/layer.js:95:5)
    at /home/devel-aabudeen/Documents/Back-up/TASK/node_modules/express/lib/router/index.js:284:15
    at Function.process_params (/home/devel-aabudeen/Documents/Back-up/TASK/node_modules/express/lib/router/index.js:346:12)
    at next (/home/devel-aabudeen/Documents/Back-up/TASK/node_modules/express/lib/router/index.js:280:10)
    at Function.handle (/home/devel-aabudeen/Documents/Back-up/TASK/node_modules/express/lib/router/index.js:175:3)
Server successfully connected 8000
DB connected successfully
Server successfully connected 8000
DB connected successfully
error:  SyntaxError: Unexpected token o in JSON at position 1
    at JSON.parse (<anonymous>)
    at authMiddleware (/home/devel-aabudeen/Documents/Back-up/TASK/helper/common.js:21:39)
    at Layer.handle [as handle_request] (/home/devel-aabudeen/Documents/Back-up/TASK/node_modules/express/lib/router/layer.js:95:5)
    at next (/home/devel-aabudeen/Documents/Back-up/TASK/node_modules/express/lib/router/route.js:149:13)
    at Route.dispatch (/home/devel-aabudeen/Documents/Back-up/TASK/node_modules/express/lib/router/route.js:119:3)
    at Layer.handle [as handle_request] (/home/devel-aabudeen/Documents/Back-up/TASK/node_modules/express/lib/router/layer.js:95:5)
    at /home/devel-aabudeen/Documents/Back-up/TASK/node_modules/express/lib/router/index.js:284:15
    at Function.process_params (/home/devel-aabudeen/Documents/Back-up/TASK/node_modules/express/lib/router/index.js:346:12)
    at next (/home/devel-aabudeen/Documents/Back-up/TASK/node_modules/express/lib/router/index.js:280:10)
    at Function.handle (/home/devel-aabudeen/Documents/Back-up/TASK/node_modules/express/lib/router/index.js:175:3)
Server successfully connected 8000
DB connected successfully
decoded:  {
  data: 'h8/J3DhMO09PgjH3ayia1C8+YahJanA1wbWPhD6nARtuXi6YBdyYBwU3x2If9UZAJMdmJf/MLyJhliIXG09sNYvZJizFSPmrf7wT0bpZ4vY=',
  iat: 1741603054,
  exp: 1741610254
}
decoded:  
Server successfully connected 8000
DB connected successfully
decoded:  h8/J3DhMO09PgjH3ayia1C8+YahJanA1wbWPhD6nARtuXi6YBdyYBwU3x2If9UZAJMdmJf/MLyJhliIXG09sNYvZJizFSPmrf7wT0bpZ4vY=
decoded:  
Server successfully connected 8000
DB connected successfully
decoded:  h8/J3DhMO09PgjH3ayia1C8+YahJanA1wbWPhD6nARtuXi6YBdyYBwU3x2If9UZAJMdmJf/MLyJhliIXG09sNYvZJizFSPmrf7wT0bpZ4vY=
bytes:  {
  words: [
      719045725, -2052417741,
    -1180250138,   -12970989,
     1969667819, -1983787081,
     1486748319,  -614677829,
    -1123215435, -1968301253,
    -1713202758, -1955457484,
     -226335573,   524767846,
    -1943714983,  1158662408,
       31517906,   784506051,
     2018604499,  1665218412
  ],
  sigBytes: -28
}
decoded:  
Server successfully connected 8000
DB connected successfully
decoded:  h8/J3DhMO09PgjH3ayia1C8+YahJanA1wbWPhD6nARtuXi6YBdyYBwU3x2If9UZAJMdmJf/MLyJhliIXG09sNYvZJizFSPmrf7wT0bpZ4vY=
decoded:  
Server successfully connected 8000
DB connected successfully
Server successfully connected 8000
DB connected successfully
decoded:  h8/J3DhMO09PgjH3ayia1C8+YahJanA1wbWPhD6nARtuXi6YBdyYBwU3x2If9UZAJMdmJf/MLyJhliIXG09sNYvZJizFSPmrf7wT0bpZ4vY=
decoded:  
Server successfully connected 8000
DB connected successfully
decoded:  h8/J3DhMO09PgjH3ayia1C8+YahJanA1wbWPhD6nARtuXi6YBdyYBwU3x2If9UZAJMdmJf/MLyJhliIXG09sNYvZJizFSPmrf7wT0bpZ4vY=
decoded:  null
Server successfully connected 8000
DB connected successfully
Server successfully connected 8000
DB connected successfully
decoded:  h8/J3DhMO09PgjH3ayia1C8+YahJanA1wbWPhD6nARtuXi6YBdyYBwU3x2If9UZAJMdmJf/MLyJhliIXG09sNYvZJizFSPmrf7wT0bpZ4vY=
decoded:  
Server successfully connected 8000
DB connected successfully
Server successfully connected 8000
DB connected successfully
decoded:  {
  data: 'h8/J3DhMO09PgjH3ayia1C8+YahJanA1wbWPhD6nARtuXi6YBdyYBwU3x2If9UZAJMdmJf/MLyJhliIXG09sNYvZJizFSPmrf7wT0bpZ4vY=',
  iat: 1741603054,
  exp: 1741610254
}
decoded:  h8/J3DhMO09PgjH3ayia1C8+YahJanA1wbWPhD6nARtuXi6YBdyYBwU3x2If9UZAJMdmJf/MLyJhliIXG09sNYvZJizFSPmrf7wT0bpZ4vY=
decoded:  
Server successfully connected 8000
DB connected successfully
Server successfully connected 8000
DB connected successfully
Server successfully connected 8000
DB connected successfully
decoded:  {
  data: 'CUgWClmPwyYzikx38VBP4JDNunZuy8b6nsz+7WFqngo=',
  iat: 1741604077,
  exp: 1741611277
}
decoded:  CUgWClmPwyYzikx38VBP4JDNunZuy8b6nsz+7WFqngo=
decoded:  
Server successfully connected 8000
DB connected successfully
Server successfully connected 8000
DB connected successfully
decoded:  {
  data: 'CUgWClmPwyYzikx38VBP4JDNunZuy8b6nsz+7WFqngo=',
  iat: 1741604077,
  exp: 1741611277
}
decoded:  CUgWClmPwyYzikx38VBP4JDNunZuy8b6nsz+7WFqngo=
decoded:  
decoded:  {
  data: 'h8/J3DhMO09PgjH3ayia1C8+YahJanA1wbWPhD6nARtuXi6YBdyYBwU3x2If9UZAJMdmJf/MLyJhliIXG09sNYvZJizFSPmrf7wT0bpZ4vY=',
  iat: 1741604350,
  exp: 1741611550
}
decoded:  h8/J3DhMO09PgjH3ayia1C8+YahJanA1wbWPhD6nARtuXi6YBdyYBwU3x2If9UZAJMdmJf/MLyJhliIXG09sNYvZJizFSPmrf7wT0bpZ4vY=
decoded:  
Server successfully connected 8000
DB connected successfully
decoded:  {
  data: 'h8/J3DhMO09PgjH3ayia1C8+YahJanA1wbWPhD6nARtuXi6YBdyYBwU3x2If9UZAJMdmJf/MLyJhliIXG09sNYvZJizFSPmrf7wT0bpZ4vY=',
  iat: 1741604350,
  exp: 1741611550
}
decoded:  h8/J3DhMO09PgjH3ayia1C8+YahJanA1wbWPhD6nARtuXi6YBdyYBwU3x2If9UZAJMdmJf/MLyJhliIXG09sNYvZJizFSPmrf7wT0bpZ4vY=
decoded:  
Server successfully connected 8000
DB connected successfully
Server successfully connected 8000
DB connected successfully
Server successfully connected 8000
DB connected successfully
Server successfully connected 8000
DB connected successfully
error:  ReferenceError: JSONdecoded is not defined
    at authMiddleware (/home/devel-aabudeen/Documents/Back-up/TASK/helper/common.js:21:37)
    at Layer.handle [as handle_request] (/home/devel-aabudeen/Documents/Back-up/TASK/node_modules/express/lib/router/layer.js:95:5)
    at next (/home/devel-aabudeen/Documents/Back-up/TASK/node_modules/express/lib/router/route.js:149:13)
    at Route.dispatch (/home/devel-aabudeen/Documents/Back-up/TASK/node_modules/express/lib/router/route.js:119:3)
    at Layer.handle [as handle_request] (/home/devel-aabudeen/Documents/Back-up/TASK/node_modules/express/lib/router/layer.js:95:5)
    at /home/devel-aabudeen/Documents/Back-up/TASK/node_modules/express/lib/router/index.js:284:15
    at Function.process_params (/home/devel-aabudeen/Documents/Back-up/TASK/node_modules/express/lib/router/index.js:346:12)
    at next (/home/devel-aabudeen/Documents/Back-up/TASK/node_modules/express/lib/router/index.js:280:10)
    at Function.handle (/home/devel-aabudeen/Documents/Back-up/TASK/node_modules/express/lib/router/index.js:175:3)
    at router (/home/devel-aabudeen/Documents/Back-up/TASK/node_modules/express/lib/router/index.js:47:12)
Server successfully connected 8000
DB connected successfully
Server successfully connected 8000
DB connected successfully
Server successfully connected 8000
DB connected successfully
Server successfully connected 8000
DB connected successfully
Server successfully connected 8000
DB connected successfully
Server successfully connected 8000
DB connected successfully
Server successfully connected 8000
DB connected successfully
Server successfully connected 8000
DB connected successfully
Server successfully connected 8000
DB connected successfully
set_res:  OK
set_res:  OK
set_res:  OK
set_res:  OK
set_res:  OK
set_res:  OK
set_res:  OK
set_res:  OK
set_res:  OK
set_res:  OK
set_res:  OK
set_res:  OK
set_res:  OK
set_res:  OK
set_res:  OK
set_res:  OK
set_res:  OK
set_res:  OK
set_res:  OK
set_res:  OK
set_res:  OK
set_res:  OK
set_res:  OK
set_res:  OK
set_res:  OK
Server successfully connected 8000
DB connected successfully
error:  TokenExpiredError: jwt expired
    at /home/devel-aabudeen/Documents/Back-up/TASK/node_modules/jsonwebtoken/verify.js:190:21
    at getSecret (/home/devel-aabudeen/Documents/Back-up/TASK/node_modules/jsonwebtoken/verify.js:97:14)
    at module.exports [as verify] (/home/devel-aabudeen/Documents/Back-up/TASK/node_modules/jsonwebtoken/verify.js:101:10)
    at authMiddleware (/home/devel-aabudeen/Documents/Back-up/TASK/helper/common.js:19:29)
    at Layer.handle [as handle_request] (/home/devel-aabudeen/Documents/Back-up/TASK/node_modules/express/lib/router/layer.js:95:5)
    at next (/home/devel-aabudeen/Documents/Back-up/TASK/node_modules/express/lib/router/route.js:149:13)
    at Route.dispatch (/home/devel-aabudeen/Documents/Back-up/TASK/node_modules/express/lib/router/route.js:119:3)
    at Layer.handle [as handle_request] (/home/devel-aabudeen/Documents/Back-up/TASK/node_modules/express/lib/router/layer.js:95:5)
    at /home/devel-aabudeen/Documents/Back-up/TASK/node_modules/express/lib/router/index.js:284:15
    at Function.process_params (/home/devel-aabudeen/Documents/Back-up/TASK/node_modules/express/lib/router/index.js:346:12) {
  expiredAt: 2025-03-10T12:59:10.000Z
}
Server successfully connected 8000
DB connected successfully
Server successfully connected 8000
DB connected successfully
Server successfully connected 8000
DB connected successfully
